// Jest Snapshot v1, https://goo.gl/fbAQLP

exports[`<PasswordDialog /> Component Renders correctly 1`] = `
<WithStyles(Dialog)
  TransitionComponent={[Function]}
  aria-describedby="alert-dialog-slide-description"
  aria-labelledby="alert-dialog-slide-title"
  keepMounted={true}
  onClose={[Function]}
>
  <WithStyles(DialogTitle)
    id="alert-dialog-slide-title"
  >
    Create a new password for your account
  </WithStyles(DialogTitle)>
  <WithStyles(DialogContent)>
    <WithStyles(DialogContentText)>
      Please choose a strong password with some special characters!
    </WithStyles(DialogContentText)>
    <TextField
      autoFocus={true}
      fullWidth={true}
      label="Enter a new password"
      margin="dense"
      name="password"
      onChange={[Function]}
      required={false}
      select={false}
      type="password"
      value=""
      variant="standard"
    />
    <TextField
      error={false}
      fullWidth={true}
      label="Please confirm your password"
      margin="dense"
      name="password_confirm"
      onChange={[Function]}
      required={false}
      select={false}
      type="password"
      value=""
      variant="standard"
    />
  </WithStyles(DialogContent)>
  <WithStyles(DialogActions)>
    <WithStyles(Button)
      color="primary"
      onClick={[Function]}
    >
      Cancel
    </WithStyles(Button)>
    <WithStyles(Button)
      color="primary"
      onClick={[Function]}
    >
      Create
    </WithStyles(Button)>
  </WithStyles(DialogActions)>
</WithStyles(Dialog)>
`;
